// Jest Snapshot v1, https://goo.gl/fbAQLP

exports[`insert renders homepage unchanged 1`] = `
<div>
  <div
    class="container"
  >
    <main>
      <h2
        class="subtitle"
      >
        You are NOT connected to MongoDB. Check the 
        <code>
          README.md
        </code>
         
        for instructions.
      </h2>
      <a
        href="/jobs"
      >
        <div
          class="carded"
        >
          <h2>
            Jobs
          </h2>
        </div>
      </a>
      <a
        href="/education"
      >
        <div
          class="carded"
        >
          <h2>
            Education
          </h2>
        </div>
      </a>
      <a
        href="/humanitarian-aid"
      >
        <div
          class="carded"
        >
          <h2>
            Humanitarian Aid
          </h2>
        </div>
      </a>
      <a
        href="/social-media"
      >
        <div
          class="carded"
        >
          <h2>
            Social Media
          </h2>
        </div>
      </a>
    </main>
  </div>
</div>
`;
